// Jest Snapshot v1, https://goo.gl/fbAQLP

exports[`local run works 1`] = `
Array [
  Object {
    "id": "1001",
    "input": "A",
    "method": "echo",
    "server": "local0",
  },
  Object {
    "id": "1001",
    "input": "B",
    "method": "echo",
    "server": "local0",
  },
  Object {
    "id": "1003",
    "method": "change",
    "server": "local0",
  },
  Object {
    "id": "1003",
    "input": "C",
    "method": "echo",
    "server": "local0",
  },
  Object {
    "id": "1003",
    "input": "D",
    "method": "echo",
    "server": "local0",
  },
  Object {
    "id": "1003",
    "method": "echo1",
    "res": Object {
      "id": "1002",
      "input": "E",
      "method": "echo",
      "server": "local1",
    },
    "server": "local0",
  },
  Object {
    "id": "1003",
    "method": "echo1",
    "res": Object {
      "id": "1002",
      "input": "F",
      "method": "echo",
      "server": "local1",
    },
    "server": "local0",
  },
  Object {
    "id": "1003",
    "method": "change1",
    "res": Object {
      "id": "1004",
      "method": "change",
      "server": "local1",
    },
    "server": "local0",
  },
  Object {
    "id": "1003",
    "method": "echo1",
    "res": Object {
      "id": "1004",
      "input": "G",
      "method": "echo",
      "server": "local1",
    },
    "server": "local0",
  },
  Object {
    "id": "1003",
    "method": "echo1",
    "res": Object {
      "id": "1004",
      "input": "H",
      "method": "echo",
      "server": "local1",
    },
    "server": "local0",
  },
  Array [
    Object {
      "id": "1004",
      "input": "I",
      "method": "echo",
      "server": "local1",
    },
    Object {
      "id": "1005",
      "method": "change",
      "server": "local1",
    },
    Object {
      "id": "1005",
      "input": "I",
      "method": "echo",
      "server": "local1",
    },
  ],
  Object {
    "id": "1003",
    "method": "echo1",
    "res": Object {
      "id": "1005",
      "input": "J",
      "method": "echo",
      "server": "local1",
    },
    "server": "local0",
  },
]
`;
